python : 2025-06-20 20:38:17,074 - config - INFO - Trying to load configuration from .env...
строка:1 знак:1
+ python test_bot_commands.py > test_output.log 2>&1
+ ~~~~~~~~~~~~~~~~~~~~~~~~~~~~~~~~~~~~~~~~~~~~~~~~~~
    + CategoryInfo          : NotSpecified: (2025-06-20 20:3...on from .env...:String) [], RemoteExce 
   ption
    + FullyQualifiedErrorId : NativeCommandError
 
2025-06-20 20:38:17,075 - config - INFO - \u2705 BOT_TOKEN loaded successfully
2025-06-20 20:38:17,075 - config - INFO - \u2705 CHANNEL_ID loaded successfully
2025-06-20 20:38:17,075 - config - INFO - \u2705 ETHERSCAN_API_KEY loaded successfully
2025-06-20 20:38:17,075 - config - INFO - \u2705 BSCSCAN_API_KEY loaded successfully
2025-06-20 20:38:17,075 - config - INFO - \u2705 SOLSCAN_API_KEY loaded successfully
2025-06-20 20:38:17,075 - config - INFO - \u2705 TRONGRID_API_KEY loaded successfully
2025-06-20 20:38:17,075 - config - INFO - \u2705 INVESTING_API_KEY loaded successfully
2025-06-20 20:38:17,075 - config - INFO - \u2705 BINANCE_API_KEY loaded successfully
2025-06-20 20:38:17,075 - config - INFO - \u2705 BINANCE_API_SECRET loaded successfully
2025-06-20 20:38:17,075 - config - INFO - \u2705 TWELVEDATA_API_KEY loaded successfully
2025-06-20 20:38:17,075 - config - INFO - Admin IDs configured: [1076883600]
2025-06-20 20:38:17,075 - config - INFO - Channel ID configured: -1002407243530
2025-06-20 20:38:17,075 - config - INFO - Using database: sqlite:///db/quantnews.db
2025-06-20 20:38:19,291 - __main__ - INFO - \u2705 MarketData service initialized
2025-06-20 20:38:19,291 - __main__ - INFO - \u2705 BlockchainStats service initialized
2025-06-20 20:38:19,291 - __main__ - INFO - \u2705 MacroData service initialized
2025-06-20 20:38:19,291 - __main__ - INFO - \u2705 Database session initialized
2025-06-20 20:38:19,291 - __main__ - INFO - \u2705 All services initialized successfully
2025-06-20 20:38:19,291 - __main__ - INFO - 
Testing market volumes...
2025-06-20 20:38:21,148 - __main__ - INFO - \u2705 Market volumes received: 3 pairs
2025-06-20 20:38:21,148 - __main__ - INFO -   Х BTC: $1,506,680,362.06 (-2.09%)
2025-06-20 20:38:21,148 - __main__ - INFO -   Х ETH: $1,237,804,279.38 (-5.47%)
2025-06-20 20:38:21,148 - __main__ - INFO -   Х USDC: $823,922,033.33 (+0.00%)
2025-06-20 20:38:21,148 - __main__ - INFO - 
Testing market trends...
2025-06-20 20:38:21,148 - __main__ - INFO - \u2705 Market trends received:
2025-06-20 20:38:21,148 - __main__ - INFO - \U0001f538 Notcoin (NOT)
BTC: 0.00000002
Rank: #283

\U0001f538 Toncoin (TON)
BTC: 0.00002868
Rank: #21

\U0001f538 LAMBO (LAMBO)
BTC: 0.00000004
Rank: #724

\U0001f538 Namada (NAM)
BTC: 0.00000042
Rank: #904

\U0001f538 Aerodrome Finance (AERO)
BTC: 0.00000820
Rank: #118


2025-06-20 20:38:21,148 - __main__ - INFO - 
Testing BTC data...
2025-06-20 20:38:21,446 - __main__ - INFO - \u2705 BTC data received: $102,452.26 (-2.08%)
2025-06-20 20:38:21,446 - __main__ - INFO - 
Testing ETH data...
2025-06-20 20:38:22,230 - __main__ - INFO - \u2705 ETH data received: $2,380.60 (-5.42%)
2025-06-20 20:38:22,230 - __main__ - INFO - 
=== Testing Blockchain Commands ===
2025-06-20 20:38:22,230 - __main__ - INFO - 
Testing network stats...
2025-06-20 20:38:22,240 - __main__ - INFO - \u2705 Network stats received:
2025-06-20 20:38:22,240 - __main__ - INFO - Bitcoin:
Х Transactions: 333,805
Х Active addresses: 0
Х Fee: 0.0 sat/vB

Ethereum:
Х Gas: 7.797097718 Gwei
Х TVL: $0
Х Active addresses: 0

BSC:
Х Gas: 0.1 Gwei
Х TVL: $0
Х Validators: 0

Solana:
Х TPS: 4,146.45
Х Fee: 1417.4666666666667 SOL
Х Validators: 1210

2025-06-20 20:38:22,240 - __main__ - INFO - 
Testing BTC metrics...
2025-06-20 20:38:22,240 - __main__ - INFO - \u2705 BTC metrics received:
2025-06-20 20:38:22,240 - __main__ - INFO -   Х transactions: 333805
2025-06-20 20:38:22,240 - __main__ - INFO -   Х active_addresses: 0
2025-06-20 20:38:22,240 - __main__ - INFO -   Х fee: 0.0
2025-06-20 20:38:22,240 - __main__ - INFO - 
Testing ETH metrics...
2025-06-20 20:38:22,240 - __main__ - INFO - \u2705 ETH metrics received:
2025-06-20 20:38:22,240 - __main__ - INFO -   Х gas: 7.797097718
2025-06-20 20:38:22,240 - __main__ - INFO -   Х tvl: 0
2025-06-20 20:38:22,240 - __main__ - INFO -   Х active_addresses: 0
2025-06-20 20:38:22,240 - __main__ - INFO - 
=== Testing Macro Commands ===
2025-06-20 20:38:22,240 - __main__ - INFO - 
Testing market indicators...
2025-06-20 20:38:22,725 - __main__ - INFO - \u2705 Macro indicators received:
2025-06-20 20:38:22,725 - __main__ - INFO - DXY: 0.87 \u26aa\ufe0f +0.0%
SPX: 593.26 \u26aa\ufe0f +0.0%
VIX: 22.45 \u26aa\ufe0f +0.0%
Gold: $310.36 \u26aa\ufe0f +0.0%
2025-06-20 20:38:22,725 - __main__ - INFO - 
Testing detailed report...
2025-06-20 20:38:23,076 - __main__ - INFO - \u2705 Detailed report received:
2025-06-20 20:38:23,076 - __main__ - INFO - US Dollar Index (DXY)
Х ╥хъє∙р  Ўхэр: 0.87
Х ╚чьхэхэшх: +0.0% \u26aa\ufe0f
Х ─шрярчюэ: 0.87 - 0.87

S&P 500 Index (SPX)
Х ╥хъє∙р  Ўхэр: 593.26
Х ╚чьхэхэшх: +0.0% \u26aa\ufe0f
Х ─шрярчюэ: 592.89 - 599.46

CBOE Volatility Index (VIX)
Х ╥хъє∙р  Ўхэр: 22.45
Х ╚чьхэхэшх: +0.0% \u26aa\ufe0f
Х ─шрярчюэ: 21.24 - 22.45

Gold Futures (GC)
Х ╥хъє∙р  Ўхэр: 310.36
Х ╚чьхэхэшх: +0.0% \u26aa\ufe0f
Х ─шрярчюэ: 309.27 - 310.87

2025-06-20 20:38:23,076 - __main__ - INFO - 
=== Testing Database Operations ===
2025-06-20 20:38:23,100 - __main__ - INFO - \u2705 Test user created
2025-06-20 20:38:23,105 - __main__ - INFO - \u2705 Test alerts created
2025-06-20 20:38:23,108 - __main__ - INFO - \u2705 Found 2 alerts
2025-06-20 20:38:23,108 - __main__ - INFO -   Х Alert: BTC above 50000.0
2025-06-20 20:38:23,108 - __main__ - INFO -   Х Alert: ETH below 2000.0
2025-06-20 20:38:23,112 - __main__ - INFO - \u2705 Test data cleaned up
2025-06-20 20:38:23,112 - __main__ - INFO - 
=== Test Summary ===
2025-06-20 20:38:23,112 - __main__ - INFO - Total tests: 13
2025-06-20 20:38:23,112 - __main__ - INFO - Successful: 13
2025-06-20 20:38:23,112 - __main__ - INFO - Failed: 0
2025-06-20 20:38:23,112 - __main__ - INFO - \u2705 All tests passed
2025-06-20 20:38:23,112 - __main__ - INFO - \u2705 Test environment cleaned up successfully
